// Jest Snapshot v1, https://goo.gl/fbAQLP

exports[`Tabs renders correctly 1`] = `
ShallowWrapper {
  Symbol(enzyme.__root__): [Circular],
  Symbol(enzyme.__unrendered__): <Tabs
    onPressComments={[MockFunction]}
    onPressPost={[MockFunction]}
  />,
  Symbol(enzyme.__renderer__): Object {
    "batchedUpdates": [Function],
    "getNode": [Function],
    "render": [Function],
    "simulateError": [Function],
    "simulateEvent": [Function],
    "unmount": [Function],
  },
  Symbol(enzyme.__node__): Object {
    "instance": null,
    "key": undefined,
    "nodeType": "class",
    "props": Object {
      "children": Array [
        <View
          style={
            Array [
              Object {
                "backgroundColor": "rgba(255, 255, 255, 0.60)",
                "borderTopLeftRadius": 5,
                "borderTopRightRadius": 5,
                "flex": 1,
                "marginRight": 2,
                "paddingHorizontal": 16,
                "paddingVertical": 8,
              },
              Object {
                "backgroundColor": "rgba(255, 255, 255, 0.85)",
              },
            ]
          }
        >
          <TouchableOpacity
            activeOpacity={0.2}
            onPress={[MockFunction]}
          >
            <customIcon
              name="palette"
              size={30}
              style={
                Object {
                  "alignSelf": "center",
                }
              }
            />
          </TouchableOpacity>
        </View>,
        <View
          style={
            Object {
              "backgroundColor": "rgba(255, 255, 255, 0.60)",
              "borderTopLeftRadius": 5,
              "borderTopRightRadius": 5,
              "flex": 1,
              "marginRight": 2,
              "paddingHorizontal": 16,
              "paddingVertical": 8,
            }
          }
        >
          <TouchableOpacity
            activeOpacity={0.2}
            onPress={[MockFunction]}
          >
            <customIcon
              colour="rgba(45, 82, 113, 0.60)"
              name="comments"
              size={30}
              style={
                Object {
                  "alignSelf": "center",
                }
              }
            />
          </TouchableOpacity>
        </View>,
        <View
          style={
            Object {
              "borderTopLeftRadius": 5,
              "borderTopRightRadius": 5,
              "flex": 1,
              "marginRight": 2,
              "paddingHorizontal": 16,
              "paddingVertical": 8,
            }
          }
        >
          <TouchableOpacity
            activeOpacity={0.2}
          >
            <customIcon
              name="ellipsis-h"
              size={25}
              style={
                Object {
                  "alignSelf": "flex-end",
                }
              }
            />
          </TouchableOpacity>
        </View>,
      ],
      "style": Object {
        "alignContent": "center",
        "alignItems": "center",
        "flexDirection": "row",
        "width": "100%",
      },
    },
    "ref": null,
    "rendered": Array [
      Object {
        "instance": null,
        "key": undefined,
        "nodeType": "class",
        "props": Object {
          "children": <TouchableOpacity
            activeOpacity={0.2}
            onPress={[MockFunction]}
          >
            <customIcon
              name="palette"
              size={30}
              style={
                Object {
                  "alignSelf": "center",
                }
              }
            />
          </TouchableOpacity>,
          "style": Array [
            Object {
              "backgroundColor": "rgba(255, 255, 255, 0.60)",
              "borderTopLeftRadius": 5,
              "borderTopRightRadius": 5,
              "flex": 1,
              "marginRight": 2,
              "paddingHorizontal": 16,
              "paddingVertical": 8,
            },
            Object {
              "backgroundColor": "rgba(255, 255, 255, 0.85)",
            },
          ],
        },
        "ref": null,
        "rendered": Object {
          "instance": null,
          "key": undefined,
          "nodeType": "class",
          "props": Object {
            "activeOpacity": 0.2,
            "children": <customIcon
              name="palette"
              size={30}
              style={
                Object {
                  "alignSelf": "center",
                }
              }
            />,
            "onPress": [MockFunction],
          },
          "ref": null,
          "rendered": Object {
            "instance": null,
            "key": undefined,
            "nodeType": "function",
            "props": Object {
              "name": "palette",
              "size": 30,
              "style": Object {
                "alignSelf": "center",
              },
            },
            "ref": null,
            "rendered": null,
            "type": [Function],
          },
          "type": [Function],
        },
        "type": [Function],
      },
      Object {
        "instance": null,
        "key": undefined,
        "nodeType": "class",
        "props": Object {
          "children": <TouchableOpacity
            activeOpacity={0.2}
            onPress={[MockFunction]}
          >
            <customIcon
              colour="rgba(45, 82, 113, 0.60)"
              name="comments"
              size={30}
              style={
                Object {
                  "alignSelf": "center",
                }
              }
            />
          </TouchableOpacity>,
          "style": Object {
            "backgroundColor": "rgba(255, 255, 255, 0.60)",
            "borderTopLeftRadius": 5,
            "borderTopRightRadius": 5,
            "flex": 1,
            "marginRight": 2,
            "paddingHorizontal": 16,
            "paddingVertical": 8,
          },
        },
        "ref": null,
        "rendered": Object {
          "instance": null,
          "key": undefined,
          "nodeType": "class",
          "props": Object {
            "activeOpacity": 0.2,
            "children": <customIcon
              colour="rgba(45, 82, 113, 0.60)"
              name="comments"
              size={30}
              style={
                Object {
                  "alignSelf": "center",
                }
              }
            />,
            "onPress": [MockFunction],
          },
          "ref": null,
          "rendered": Object {
            "instance": null,
            "key": undefined,
            "nodeType": "function",
            "props": Object {
              "colour": "rgba(45, 82, 113, 0.60)",
              "name": "comments",
              "size": 30,
              "style": Object {
                "alignSelf": "center",
              },
            },
            "ref": null,
            "rendered": null,
            "type": [Function],
          },
          "type": [Function],
        },
        "type": [Function],
      },
      Object {
        "instance": null,
        "key": undefined,
        "nodeType": "class",
        "props": Object {
          "children": <TouchableOpacity
            activeOpacity={0.2}
          >
            <customIcon
              name="ellipsis-h"
              size={25}
              style={
                Object {
                  "alignSelf": "flex-end",
                }
              }
            />
          </TouchableOpacity>,
          "style": Object {
            "borderTopLeftRadius": 5,
            "borderTopRightRadius": 5,
            "flex": 1,
            "marginRight": 2,
            "paddingHorizontal": 16,
            "paddingVertical": 8,
          },
        },
        "ref": null,
        "rendered": Object {
          "instance": null,
          "key": undefined,
          "nodeType": "class",
          "props": Object {
            "activeOpacity": 0.2,
            "children": <customIcon
              name="ellipsis-h"
              size={25}
              style={
                Object {
                  "alignSelf": "flex-end",
                }
              }
            />,
          },
          "ref": null,
          "rendered": Object {
            "instance": null,
            "key": undefined,
            "nodeType": "function",
            "props": Object {
              "name": "ellipsis-h",
              "size": 25,
              "style": Object {
                "alignSelf": "flex-end",
              },
            },
            "ref": null,
            "rendered": null,
            "type": [Function],
          },
          "type": [Function],
        },
        "type": [Function],
      },
    ],
    "type": [Function],
  },
  Symbol(enzyme.__nodes__): Array [
    Object {
      "instance": null,
      "key": undefined,
      "nodeType": "class",
      "props": Object {
        "children": Array [
          <View
            style={
              Array [
                Object {
                  "backgroundColor": "rgba(255, 255, 255, 0.60)",
                  "borderTopLeftRadius": 5,
                  "borderTopRightRadius": 5,
                  "flex": 1,
                  "marginRight": 2,
                  "paddingHorizontal": 16,
                  "paddingVertical": 8,
                },
                Object {
                  "backgroundColor": "rgba(255, 255, 255, 0.85)",
                },
              ]
            }
          >
            <TouchableOpacity
              activeOpacity={0.2}
              onPress={[MockFunction]}
            >
              <customIcon
                name="palette"
                size={30}
                style={
                  Object {
                    "alignSelf": "center",
                  }
                }
              />
            </TouchableOpacity>
          </View>,
          <View
            style={
              Object {
                "backgroundColor": "rgba(255, 255, 255, 0.60)",
                "borderTopLeftRadius": 5,
                "borderTopRightRadius": 5,
                "flex": 1,
                "marginRight": 2,
                "paddingHorizontal": 16,
                "paddingVertical": 8,
              }
            }
          >
            <TouchableOpacity
              activeOpacity={0.2}
              onPress={[MockFunction]}
            >
              <customIcon
                colour="rgba(45, 82, 113, 0.60)"
                name="comments"
                size={30}
                style={
                  Object {
                    "alignSelf": "center",
                  }
                }
              />
            </TouchableOpacity>
          </View>,
          <View
            style={
              Object {
                "borderTopLeftRadius": 5,
                "borderTopRightRadius": 5,
                "flex": 1,
                "marginRight": 2,
                "paddingHorizontal": 16,
                "paddingVertical": 8,
              }
            }
          >
            <TouchableOpacity
              activeOpacity={0.2}
            >
              <customIcon
                name="ellipsis-h"
                size={25}
                style={
                  Object {
                    "alignSelf": "flex-end",
                  }
                }
              />
            </TouchableOpacity>
          </View>,
        ],
        "style": Object {
          "alignContent": "center",
          "alignItems": "center",
          "flexDirection": "row",
          "width": "100%",
        },
      },
      "ref": null,
      "rendered": Array [
        Object {
          "instance": null,
          "key": undefined,
          "nodeType": "class",
          "props": Object {
            "children": <TouchableOpacity
              activeOpacity={0.2}
              onPress={[MockFunction]}
            >
              <customIcon
                name="palette"
                size={30}
                style={
                  Object {
                    "alignSelf": "center",
                  }
                }
              />
            </TouchableOpacity>,
            "style": Array [
              Object {
                "backgroundColor": "rgba(255, 255, 255, 0.60)",
                "borderTopLeftRadius": 5,
                "borderTopRightRadius": 5,
                "flex": 1,
                "marginRight": 2,
                "paddingHorizontal": 16,
                "paddingVertical": 8,
              },
              Object {
                "backgroundColor": "rgba(255, 255, 255, 0.85)",
              },
            ],
          },
          "ref": null,
          "rendered": Object {
            "instance": null,
            "key": undefined,
            "nodeType": "class",
            "props": Object {
              "activeOpacity": 0.2,
              "children": <customIcon
                name="palette"
                size={30}
                style={
                  Object {
                    "alignSelf": "center",
                  }
                }
              />,
              "onPress": [MockFunction],
            },
            "ref": null,
            "rendered": Object {
              "instance": null,
              "key": undefined,
              "nodeType": "function",
              "props": Object {
                "name": "palette",
                "size": 30,
                "style": Object {
                  "alignSelf": "center",
                },
              },
              "ref": null,
              "rendered": null,
              "type": [Function],
            },
            "type": [Function],
          },
          "type": [Function],
        },
        Object {
          "instance": null,
          "key": undefined,
          "nodeType": "class",
          "props": Object {
            "children": <TouchableOpacity
              activeOpacity={0.2}
              onPress={[MockFunction]}
            >
              <customIcon
                colour="rgba(45, 82, 113, 0.60)"
                name="comments"
                size={30}
                style={
                  Object {
                    "alignSelf": "center",
                  }
                }
              />
            </TouchableOpacity>,
            "style": Object {
              "backgroundColor": "rgba(255, 255, 255, 0.60)",
              "borderTopLeftRadius": 5,
              "borderTopRightRadius": 5,
              "flex": 1,
              "marginRight": 2,
              "paddingHorizontal": 16,
              "paddingVertical": 8,
            },
          },
          "ref": null,
          "rendered": Object {
            "instance": null,
            "key": undefined,
            "nodeType": "class",
            "props": Object {
              "activeOpacity": 0.2,
              "children": <customIcon
                colour="rgba(45, 82, 113, 0.60)"
                name="comments"
                size={30}
                style={
                  Object {
                    "alignSelf": "center",
                  }
                }
              />,
              "onPress": [MockFunction],
            },
            "ref": null,
            "rendered": Object {
              "instance": null,
              "key": undefined,
              "nodeType": "function",
              "props": Object {
                "colour": "rgba(45, 82, 113, 0.60)",
                "name": "comments",
                "size": 30,
                "style": Object {
                  "alignSelf": "center",
                },
              },
              "ref": null,
              "rendered": null,
              "type": [Function],
            },
            "type": [Function],
          },
          "type": [Function],
        },
        Object {
          "instance": null,
          "key": undefined,
          "nodeType": "class",
          "props": Object {
            "children": <TouchableOpacity
              activeOpacity={0.2}
            >
              <customIcon
                name="ellipsis-h"
                size={25}
                style={
                  Object {
                    "alignSelf": "flex-end",
                  }
                }
              />
            </TouchableOpacity>,
            "style": Object {
              "borderTopLeftRadius": 5,
              "borderTopRightRadius": 5,
              "flex": 1,
              "marginRight": 2,
              "paddingHorizontal": 16,
              "paddingVertical": 8,
            },
          },
          "ref": null,
          "rendered": Object {
            "instance": null,
            "key": undefined,
            "nodeType": "class",
            "props": Object {
              "activeOpacity": 0.2,
              "children": <customIcon
                name="ellipsis-h"
                size={25}
                style={
                  Object {
                    "alignSelf": "flex-end",
                  }
                }
              />,
            },
            "ref": null,
            "rendered": Object {
              "instance": null,
              "key": undefined,
              "nodeType": "function",
              "props": Object {
                "name": "ellipsis-h",
                "size": 25,
                "style": Object {
                  "alignSelf": "flex-end",
                },
              },
              "ref": null,
              "rendered": null,
              "type": [Function],
            },
            "type": [Function],
          },
          "type": [Function],
        },
      ],
      "type": [Function],
    },
  ],
  Symbol(enzyme.__options__): Object {
    "adapter": ReactSixteenAdapter {
      "options": Object {
        "enableComponentDidUpdateOnSetState": true,
        "lifecycles": Object {
          "componentDidUpdate": Object {
            "onSetState": true,
          },
          "getDerivedStateFromProps": true,
          "getSnapshotBeforeUpdate": true,
          "setState": Object {
            "skipsComponentDidUpdateOnNullish": true,
          },
        },
      },
    },
  },
}
`;
