// Jest Snapshot v1, https://goo.gl/fbAQLP

exports[`Icon renders correctly 1`] = `
<BackgroundContainer>
  <ImageBackground
    imageStyle={
      Object {
        "bottom": 0,
        "flex": 1,
        "height": 360,
        "left": -10,
        "opacity": 0.2,
        "width": 360,
      }
    }
    source={
      Object {
        "testUri": "../../../app/assets/images/hand.png",
      }
    }
    style={
      Object {
        "alignItems": "flex-end",
        "flexDirection": "column-reverse",
        "height": "100%",
        "width": "100%",
      }
    }
  >
    <ScrollViewMock
      style={
        Object {
          "backgroundColor": "rgba(255, 255, 255, 0.30)",
          "borderTopLeftRadius": 10,
          "borderTopRightRadius": 10,
          "height": "100%",
          "marginTop": 20,
          "width": "100%",
        }
      }
    >
      <Text>
        Any child component
      </Text>
    </ScrollViewMock>
  </ImageBackground>
</BackgroundContainer>
`;
