// Jest Snapshot v1, https://goo.gl/fbAQLP

exports[`FormAddProfilePicture when active renders correctly 1`] = `
<View>
  <MessageBox
    display="passive"
    message="Por favor, deixe-nos ver o seu rosto."
  />
  <ProfilePictureField
    clearUploadCondition={[Function]}
    display="active"
    image={null}
    sendImage={[Function]}
    setImage={[Function]}
  />
  <View
    style={
      Object {
        "alignItems": "baseline",
        "flexDirection": "row-reverse",
        "marginBottom": 20,
      }
    }
  >
    <Mutation
      mutation={
        Object {
          "definitions": Array [
            Object {
              "directives": Array [],
              "kind": "OperationDefinition",
              "name": Object {
                "kind": "Name",
                "value": "linkUserProfilePicture",
              },
              "operation": "mutation",
              "selectionSet": Object {
                "kind": "SelectionSet",
                "selections": Array [
                  Object {
                    "alias": undefined,
                    "arguments": Array [
                      Object {
                        "kind": "Argument",
                        "name": Object {
                          "kind": "Name",
                          "value": "avatarPath",
                        },
                        "value": Object {
                          "kind": "Variable",
                          "name": Object {
                            "kind": "Name",
                            "value": "avatarPath",
                          },
                        },
                      },
                    ],
                    "directives": Array [],
                    "kind": "Field",
                    "name": Object {
                      "kind": "Name",
                      "value": "linkUserProfilePicture",
                    },
                    "selectionSet": Object {
                      "kind": "SelectionSet",
                      "selections": Array [
                        Object {
                          "alias": undefined,
                          "arguments": Array [],
                          "directives": Array [],
                          "kind": "Field",
                          "name": Object {
                            "kind": "Name",
                            "value": "avatarPath",
                          },
                          "selectionSet": undefined,
                        },
                      ],
                    },
                  },
                ],
              },
              "variableDefinitions": Array [
                Object {
                  "defaultValue": undefined,
                  "directives": Array [],
                  "kind": "VariableDefinition",
                  "type": Object {
                    "kind": "NonNullType",
                    "type": Object {
                      "kind": "NamedType",
                      "name": Object {
                        "kind": "Name",
                        "value": "URL",
                      },
                    },
                  },
                  "variable": Object {
                    "kind": "Variable",
                    "name": Object {
                      "kind": "Name",
                      "value": "avatarPath",
                    },
                  },
                },
              ],
            },
          ],
          "kind": "Document",
          "loc": Object {
            "end": 137,
            "start": 0,
          },
        }
      }
    >
      <Component />
    </Mutation>
  </View>
</View>
`;
