// Jest Snapshot v1, https://goo.gl/fbAQLP

exports[`UserDetails renders correctly 1`] = `
<View
  style={
    Object {
      "width": "100%",
    }
  }
>
  <View
    style={
      Object {
        "alignItems": "center",
        "borderBottomColor": "rgb(255, 255, 255)",
        "borderBottomWidth": 3,
        "marginBottom": 10,
        "paddingBottom": 20,
        "width": "100%",
      }
    }
  >
    <Avatar
      avatarPath={
        Object {
          "testUri": "../../../app/assets/images/empower_two_women_logo.png",
        }
      }
      size="feature"
    />
    <Title
      large={true}
      style={
        Object {
          "paddingVertical": 10,
        }
      }
      text="Empodere Duas Mulheres"
    />
  </View>
  <View
    style={
      Object {
        "flexDirection": "row",
      }
    }
  >
    <View
      style={
        Array [
          Object {
            "alignItems": "center",
            "flex": 1,
            "margin": 10,
            "padding": 10,
          },
          Object {
            "borderRightColor": "rgb(255, 255, 255)",
            "borderRightWidth": 3,
          },
        ]
      }
    >
      <Title
        text="TÃ³picos"
      />
      <Title
        large={true}
        text="0"
      />
    </View>
    <View
      style={
        Object {
          "alignItems": "center",
          "flex": 1,
          "margin": 10,
          "padding": 10,
        }
      }
    >
      <Title
        text="Respostas"
      />
      <Title
        large={true}
        text="0"
      />
    </View>
  </View>
</View>
`;
