// Jest Snapshot v1, https://goo.gl/fbAQLP

exports[`FeedScreen renders correctly 1`] = `
ShallowWrapper {
  Symbol(enzyme.__root__): [Circular],
  Symbol(enzyme.__unrendered__): <FeedScreen />,
  Symbol(enzyme.__renderer__): Object {
    "batchedUpdates": [Function],
    "getNode": [Function],
    "render": [Function],
    "simulateError": [Function],
    "simulateEvent": [Function],
    "unmount": [Function],
  },
  Symbol(enzyme.__node__): Object {
    "instance": null,
    "key": undefined,
    "nodeType": "class",
    "props": Object {
      "children": Array [
        <View
          style={
            Object {
              "alignItems": "stretch",
              "flex": 1,
            }
          }
        >
          <Logo />
        </View>,
        <View
          style={
            Object {
              "flex": 6,
            }
          }
        >
          <FlatList
            data={
              Array [
                Object {
                  "author": Object {
                    "avatarPath": Object {
                      "testUri": "../../../app/assets/images/empower_two_women_logo.png",
                    },
                  },
                  "date": 2018-02-17T00:00:00.000Z,
                  "description": "Maju Coutinho estreia na bancada do Jornal Nacional 

Maria Júlia Coutinho estreou neste sábado, 16 de Fevereiro, como âncora do Jornal Nacional. O debute da primeira mulher negra na bancada do principal jornalístico da televisão brasileira rendeu elogios e muita comoção nas redes sociais.",
                  "id": "98y723-23048-23480",
                  "imagePath": Object {
                    "testUri": "../../../app/assets/images/image_post_1.jpg",
                  },
                },
                Object {
                  "author": Object {
                    "avatarPath": Object {
                      "testUri": "../../../app/assets/images/empower_two_women_logo.png",
                    },
                  },
                  "date": 2018-02-11T00:00:00.000Z,
                  "description": null,
                  "id": "324869-saf80as-ssae",
                  "imagePath": Object {
                    "testUri": "../../../app/assets/images/image_post_2.jpg",
                  },
                },
              ]
            }
            disableVirtualization={false}
            horizontal={false}
            initialNumToRender={10}
            keyExtractor={[Function]}
            maxToRenderPerBatch={10}
            numColumns={1}
            onEndReachedThreshold={2}
            renderItem={[Function]}
            scrollEventThrottle={50}
            updateCellsBatchingPeriod={50}
            windowSize={21}
          />
        </View>,
      ],
      "style": Object {
        "flex": 1,
        "flexDirection": "column",
      },
    },
    "ref": null,
    "rendered": Array [
      Object {
        "instance": null,
        "key": undefined,
        "nodeType": "class",
        "props": Object {
          "children": <Logo />,
          "style": Object {
            "alignItems": "stretch",
            "flex": 1,
          },
        },
        "ref": null,
        "rendered": Object {
          "instance": null,
          "key": undefined,
          "nodeType": "function",
          "props": Object {},
          "ref": null,
          "rendered": null,
          "type": [Function],
        },
        "type": [Function],
      },
      Object {
        "instance": null,
        "key": undefined,
        "nodeType": "class",
        "props": Object {
          "children": <FlatList
            data={
              Array [
                Object {
                  "author": Object {
                    "avatarPath": Object {
                      "testUri": "../../../app/assets/images/empower_two_women_logo.png",
                    },
                  },
                  "date": 2018-02-17T00:00:00.000Z,
                  "description": "Maju Coutinho estreia na bancada do Jornal Nacional 

Maria Júlia Coutinho estreou neste sábado, 16 de Fevereiro, como âncora do Jornal Nacional. O debute da primeira mulher negra na bancada do principal jornalístico da televisão brasileira rendeu elogios e muita comoção nas redes sociais.",
                  "id": "98y723-23048-23480",
                  "imagePath": Object {
                    "testUri": "../../../app/assets/images/image_post_1.jpg",
                  },
                },
                Object {
                  "author": Object {
                    "avatarPath": Object {
                      "testUri": "../../../app/assets/images/empower_two_women_logo.png",
                    },
                  },
                  "date": 2018-02-11T00:00:00.000Z,
                  "description": null,
                  "id": "324869-saf80as-ssae",
                  "imagePath": Object {
                    "testUri": "../../../app/assets/images/image_post_2.jpg",
                  },
                },
              ]
            }
            disableVirtualization={false}
            horizontal={false}
            initialNumToRender={10}
            keyExtractor={[Function]}
            maxToRenderPerBatch={10}
            numColumns={1}
            onEndReachedThreshold={2}
            renderItem={[Function]}
            scrollEventThrottle={50}
            updateCellsBatchingPeriod={50}
            windowSize={21}
          />,
          "style": Object {
            "flex": 6,
          },
        },
        "ref": null,
        "rendered": Object {
          "instance": null,
          "key": undefined,
          "nodeType": "class",
          "props": Object {
            "data": Array [
              Object {
                "author": Object {
                  "avatarPath": Object {
                    "testUri": "../../../app/assets/images/empower_two_women_logo.png",
                  },
                },
                "date": 2018-02-17T00:00:00.000Z,
                "description": "Maju Coutinho estreia na bancada do Jornal Nacional 

Maria Júlia Coutinho estreou neste sábado, 16 de Fevereiro, como âncora do Jornal Nacional. O debute da primeira mulher negra na bancada do principal jornalístico da televisão brasileira rendeu elogios e muita comoção nas redes sociais.",
                "id": "98y723-23048-23480",
                "imagePath": Object {
                  "testUri": "../../../app/assets/images/image_post_1.jpg",
                },
              },
              Object {
                "author": Object {
                  "avatarPath": Object {
                    "testUri": "../../../app/assets/images/empower_two_women_logo.png",
                  },
                },
                "date": 2018-02-11T00:00:00.000Z,
                "description": null,
                "id": "324869-saf80as-ssae",
                "imagePath": Object {
                  "testUri": "../../../app/assets/images/image_post_2.jpg",
                },
              },
            ],
            "disableVirtualization": false,
            "horizontal": false,
            "initialNumToRender": 10,
            "keyExtractor": [Function],
            "maxToRenderPerBatch": 10,
            "numColumns": 1,
            "onEndReachedThreshold": 2,
            "renderItem": [Function],
            "scrollEventThrottle": 50,
            "updateCellsBatchingPeriod": 50,
            "windowSize": 21,
          },
          "ref": null,
          "rendered": null,
          "type": [Function],
        },
        "type": [Function],
      },
    ],
    "type": [MockFunction],
  },
  Symbol(enzyme.__nodes__): Array [
    Object {
      "instance": null,
      "key": undefined,
      "nodeType": "class",
      "props": Object {
        "children": Array [
          <View
            style={
              Object {
                "alignItems": "stretch",
                "flex": 1,
              }
            }
          >
            <Logo />
          </View>,
          <View
            style={
              Object {
                "flex": 6,
              }
            }
          >
            <FlatList
              data={
                Array [
                  Object {
                    "author": Object {
                      "avatarPath": Object {
                        "testUri": "../../../app/assets/images/empower_two_women_logo.png",
                      },
                    },
                    "date": 2018-02-17T00:00:00.000Z,
                    "description": "Maju Coutinho estreia na bancada do Jornal Nacional 

Maria Júlia Coutinho estreou neste sábado, 16 de Fevereiro, como âncora do Jornal Nacional. O debute da primeira mulher negra na bancada do principal jornalístico da televisão brasileira rendeu elogios e muita comoção nas redes sociais.",
                    "id": "98y723-23048-23480",
                    "imagePath": Object {
                      "testUri": "../../../app/assets/images/image_post_1.jpg",
                    },
                  },
                  Object {
                    "author": Object {
                      "avatarPath": Object {
                        "testUri": "../../../app/assets/images/empower_two_women_logo.png",
                      },
                    },
                    "date": 2018-02-11T00:00:00.000Z,
                    "description": null,
                    "id": "324869-saf80as-ssae",
                    "imagePath": Object {
                      "testUri": "../../../app/assets/images/image_post_2.jpg",
                    },
                  },
                ]
              }
              disableVirtualization={false}
              horizontal={false}
              initialNumToRender={10}
              keyExtractor={[Function]}
              maxToRenderPerBatch={10}
              numColumns={1}
              onEndReachedThreshold={2}
              renderItem={[Function]}
              scrollEventThrottle={50}
              updateCellsBatchingPeriod={50}
              windowSize={21}
            />
          </View>,
        ],
        "style": Object {
          "flex": 1,
          "flexDirection": "column",
        },
      },
      "ref": null,
      "rendered": Array [
        Object {
          "instance": null,
          "key": undefined,
          "nodeType": "class",
          "props": Object {
            "children": <Logo />,
            "style": Object {
              "alignItems": "stretch",
              "flex": 1,
            },
          },
          "ref": null,
          "rendered": Object {
            "instance": null,
            "key": undefined,
            "nodeType": "function",
            "props": Object {},
            "ref": null,
            "rendered": null,
            "type": [Function],
          },
          "type": [Function],
        },
        Object {
          "instance": null,
          "key": undefined,
          "nodeType": "class",
          "props": Object {
            "children": <FlatList
              data={
                Array [
                  Object {
                    "author": Object {
                      "avatarPath": Object {
                        "testUri": "../../../app/assets/images/empower_two_women_logo.png",
                      },
                    },
                    "date": 2018-02-17T00:00:00.000Z,
                    "description": "Maju Coutinho estreia na bancada do Jornal Nacional 

Maria Júlia Coutinho estreou neste sábado, 16 de Fevereiro, como âncora do Jornal Nacional. O debute da primeira mulher negra na bancada do principal jornalístico da televisão brasileira rendeu elogios e muita comoção nas redes sociais.",
                    "id": "98y723-23048-23480",
                    "imagePath": Object {
                      "testUri": "../../../app/assets/images/image_post_1.jpg",
                    },
                  },
                  Object {
                    "author": Object {
                      "avatarPath": Object {
                        "testUri": "../../../app/assets/images/empower_two_women_logo.png",
                      },
                    },
                    "date": 2018-02-11T00:00:00.000Z,
                    "description": null,
                    "id": "324869-saf80as-ssae",
                    "imagePath": Object {
                      "testUri": "../../../app/assets/images/image_post_2.jpg",
                    },
                  },
                ]
              }
              disableVirtualization={false}
              horizontal={false}
              initialNumToRender={10}
              keyExtractor={[Function]}
              maxToRenderPerBatch={10}
              numColumns={1}
              onEndReachedThreshold={2}
              renderItem={[Function]}
              scrollEventThrottle={50}
              updateCellsBatchingPeriod={50}
              windowSize={21}
            />,
            "style": Object {
              "flex": 6,
            },
          },
          "ref": null,
          "rendered": Object {
            "instance": null,
            "key": undefined,
            "nodeType": "class",
            "props": Object {
              "data": Array [
                Object {
                  "author": Object {
                    "avatarPath": Object {
                      "testUri": "../../../app/assets/images/empower_two_women_logo.png",
                    },
                  },
                  "date": 2018-02-17T00:00:00.000Z,
                  "description": "Maju Coutinho estreia na bancada do Jornal Nacional 

Maria Júlia Coutinho estreou neste sábado, 16 de Fevereiro, como âncora do Jornal Nacional. O debute da primeira mulher negra na bancada do principal jornalístico da televisão brasileira rendeu elogios e muita comoção nas redes sociais.",
                  "id": "98y723-23048-23480",
                  "imagePath": Object {
                    "testUri": "../../../app/assets/images/image_post_1.jpg",
                  },
                },
                Object {
                  "author": Object {
                    "avatarPath": Object {
                      "testUri": "../../../app/assets/images/empower_two_women_logo.png",
                    },
                  },
                  "date": 2018-02-11T00:00:00.000Z,
                  "description": null,
                  "id": "324869-saf80as-ssae",
                  "imagePath": Object {
                    "testUri": "../../../app/assets/images/image_post_2.jpg",
                  },
                },
              ],
              "disableVirtualization": false,
              "horizontal": false,
              "initialNumToRender": 10,
              "keyExtractor": [Function],
              "maxToRenderPerBatch": 10,
              "numColumns": 1,
              "onEndReachedThreshold": 2,
              "renderItem": [Function],
              "scrollEventThrottle": 50,
              "updateCellsBatchingPeriod": 50,
              "windowSize": 21,
            },
            "ref": null,
            "rendered": null,
            "type": [Function],
          },
          "type": [Function],
        },
      ],
      "type": [MockFunction],
    },
  ],
  Symbol(enzyme.__options__): Object {
    "adapter": ReactSixteenAdapter {
      "options": Object {
        "enableComponentDidUpdateOnSetState": true,
        "lifecycles": Object {
          "componentDidUpdate": Object {
            "onSetState": true,
          },
          "getDerivedStateFromProps": true,
          "getSnapshotBeforeUpdate": true,
          "setState": Object {
            "skipsComponentDidUpdateOnNullish": true,
          },
        },
      },
    },
  },
}
`;
