// Jest Snapshot v1, https://goo.gl/fbAQLP

exports[`MenuScreen renders correctly 1`] = `
<BackgroundContainer>
  <Title
    style={
      Object {
        "fontSize": 30,
        "margin": 20,
      }
    }
    text="Menu"
  />
  <ButtonMenuWrapper
    iconName="hands-helping"
    onPress={[Function]}
    text="Criando uma comunidade incrÃ­vel"
  />
  <ButtonMenuWrapper
    iconName="mobile-alt"
    onPress={[Function]}
    text="Como usar o aplicativo"
  />
  <ButtonMenuWrapper
    iconName="user"
    onPress={[Function]}
    text="Editar o meu perfil"
  />
  <ButtonLogout />
</BackgroundContainer>
`;
