// Jest Snapshot v1, https://goo.gl/fbAQLP

exports[`NotificationScreen renders correctly 1`] = `
<BackgroundContainer>
  <Title
    style={
      Object {
        "fontSize": 30,
        "margin": 20,
      }
    }
    text="Notificações"
  />
  <Notifications />
</BackgroundContainer>
`;
