// Jest Snapshot v1, https://goo.gl/fbAQLP

exports[`OnboardingCompleteProfileScreen renders correctly 1`] = `
<BackgroundModal>
  <FormCompleteProfile
    onPress={[Function]}
  />
</BackgroundModal>
`;
