// Jest Snapshot v1, https://goo.gl/fbAQLP

exports[`PostScreen when no post provided renders correctly 1`] = `
<BackgroundContainer>
  <NewQuery
    query={
      Object {
        "definitions": Array [
          Object {
            "directives": Array [],
            "kind": "OperationDefinition",
            "name": Object {
              "kind": "Name",
              "value": "Post",
            },
            "operation": "query",
            "selectionSet": Object {
              "kind": "SelectionSet",
              "selections": Array [
                Object {
                  "alias": undefined,
                  "arguments": Array [
                    Object {
                      "kind": "Argument",
                      "name": Object {
                        "kind": "Name",
                        "value": "id",
                      },
                      "value": Object {
                        "kind": "Variable",
                        "name": Object {
                          "kind": "Name",
                          "value": "id",
                        },
                      },
                    },
                  ],
                  "directives": Array [],
                  "kind": "Field",
                  "name": Object {
                    "kind": "Name",
                    "value": "post",
                  },
                  "selectionSet": Object {
                    "kind": "SelectionSet",
                    "selections": Array [
                      Object {
                        "directives": Array [],
                        "kind": "FragmentSpread",
                        "name": Object {
                          "kind": "Name",
                          "value": "postAttributes",
                        },
                      },
                    ],
                  },
                },
              ],
            },
            "variableDefinitions": Array [
              Object {
                "defaultValue": undefined,
                "directives": Array [],
                "kind": "VariableDefinition",
                "type": Object {
                  "kind": "NonNullType",
                  "type": Object {
                    "kind": "NamedType",
                    "name": Object {
                      "kind": "Name",
                      "value": "ID",
                    },
                  },
                },
                "variable": Object {
                  "kind": "Variable",
                  "name": Object {
                    "kind": "Name",
                    "value": "id",
                  },
                },
              },
            ],
          },
          Object {
            "directives": Array [],
            "kind": "FragmentDefinition",
            "name": Object {
              "kind": "Name",
              "value": "postAttributes",
            },
            "selectionSet": Object {
              "kind": "SelectionSet",
              "selections": Array [
                Object {
                  "alias": undefined,
                  "arguments": Array [],
                  "directives": Array [],
                  "kind": "Field",
                  "name": Object {
                    "kind": "Name",
                    "value": "id",
                  },
                  "selectionSet": undefined,
                },
                Object {
                  "alias": undefined,
                  "arguments": Array [],
                  "directives": Array [],
                  "kind": "Field",
                  "name": Object {
                    "kind": "Name",
                    "value": "author",
                  },
                  "selectionSet": Object {
                    "kind": "SelectionSet",
                    "selections": Array [
                      Object {
                        "directives": Array [],
                        "kind": "FragmentSpread",
                        "name": Object {
                          "kind": "Name",
                          "value": "authorAttributes",
                        },
                      },
                    ],
                  },
                },
                Object {
                  "alias": undefined,
                  "arguments": Array [],
                  "directives": Array [],
                  "kind": "Field",
                  "name": Object {
                    "kind": "Name",
                    "value": "createdAt",
                  },
                  "selectionSet": undefined,
                },
                Object {
                  "alias": undefined,
                  "arguments": Array [],
                  "directives": Array [],
                  "kind": "Field",
                  "name": Object {
                    "kind": "Name",
                    "value": "content",
                  },
                  "selectionSet": undefined,
                },
                Object {
                  "alias": undefined,
                  "arguments": Array [],
                  "directives": Array [],
                  "kind": "Field",
                  "name": Object {
                    "kind": "Name",
                    "value": "imagePath",
                  },
                  "selectionSet": undefined,
                },
                Object {
                  "alias": undefined,
                  "arguments": Array [],
                  "directives": Array [],
                  "kind": "Field",
                  "name": Object {
                    "kind": "Name",
                    "value": "comments",
                  },
                  "selectionSet": Object {
                    "kind": "SelectionSet",
                    "selections": Array [
                      Object {
                        "alias": undefined,
                        "arguments": Array [],
                        "directives": Array [],
                        "kind": "Field",
                        "name": Object {
                          "kind": "Name",
                          "value": "id",
                        },
                        "selectionSet": undefined,
                      },
                      Object {
                        "alias": undefined,
                        "arguments": Array [],
                        "directives": Array [],
                        "kind": "Field",
                        "name": Object {
                          "kind": "Name",
                          "value": "totalReplies",
                        },
                        "selectionSet": undefined,
                      },
                    ],
                  },
                },
              ],
            },
            "typeCondition": Object {
              "kind": "NamedType",
              "name": Object {
                "kind": "Name",
                "value": "Post",
              },
            },
          },
          Object {
            "directives": Array [],
            "kind": "FragmentDefinition",
            "name": Object {
              "kind": "Name",
              "value": "authorAttributes",
            },
            "selectionSet": Object {
              "kind": "SelectionSet",
              "selections": Array [
                Object {
                  "alias": undefined,
                  "arguments": Array [],
                  "directives": Array [],
                  "kind": "Field",
                  "name": Object {
                    "kind": "Name",
                    "value": "id",
                  },
                  "selectionSet": undefined,
                },
                Object {
                  "alias": undefined,
                  "arguments": Array [],
                  "directives": Array [],
                  "kind": "Field",
                  "name": Object {
                    "kind": "Name",
                    "value": "avatarPath",
                  },
                  "selectionSet": undefined,
                },
                Object {
                  "alias": undefined,
                  "arguments": Array [],
                  "directives": Array [],
                  "kind": "Field",
                  "name": Object {
                    "kind": "Name",
                    "value": "name",
                  },
                  "selectionSet": undefined,
                },
              ],
            },
            "typeCondition": Object {
              "kind": "NamedType",
              "name": Object {
                "kind": "Name",
                "value": "User",
              },
            },
          },
        ],
        "kind": "Document",
        "loc": Object {
          "end": 342,
          "start": 0,
        },
      }
    }
    variables={
      Object {
        "id": undefined,
      }
    }
  >
    <Component />
  </NewQuery>
</BackgroundContainer>
`;

exports[`PostScreen when post provided renders correctly 1`] = `
<BackgroundContainer>
  <Post
    post={
      Object {
        "author": Object {
          "avatarPath": Object {
            "testUri": "../../../app/assets/images/empower_two_women_logo.png",
          },
          "name": "Empodere Duas Mulheres",
        },
        "comments": Array [],
        "content": null,
        "createdAt": 2000-01-01T00:00:00.000Z,
        "id": "10387-314fs-12asdbj",
        "imagePath": Object {
          "testUri": "../../../app/assets/images/image_post_1.jpg",
        },
      }
    }
    setDisplay="post"
  />
</BackgroundContainer>
`;
